2026-08-25 23:40:53,961 [DEBUG] FASTAPI: loaded lazy attr 'SafeConfigParser': <class 'configparser.ConfigParser'>
2026-08-25 23:40:53,962 [DEBUG] FASTAPI: loaded lazy attr 'NativeStringIO': <class '_io.StringIO'>
2026-08-25 23:40:53,962 [DEBUG] FASTAPI: loaded lazy attr 'BytesIO': <class '_io.BytesIO'>
2026-08-25 23:40:53,969 [DEBUG] FASTAPI: registered 'pbkdf2_sha256' handler: <class 'passlib.handlers.pbkdf2.pbkdf2_sha256'>
2026-08-25 23:42:39,718 [DEBUG] FASTAPI: loaded lazy attr 'SafeConfigParser': <class 'configparser.ConfigParser'>
2026-08-25 23:42:39,718 [DEBUG] FASTAPI: loaded lazy attr 'NativeStringIO': <class '_io.StringIO'>
2026-08-25 23:42:39,724 [DEBUG] FASTAPI: loaded lazy attr 'BytesIO': <class '_io.BytesIO'>
2026-08-25 23:42:39,729 [DEBUG] FASTAPI: registered 'pbkdf2_sha256' handler: <class 'passlib.handlers.pbkdf2.pbkdf2_sha256'>
2026-08-25 23:52:08,163 [DEBUG] FASTAPI: loaded lazy attr 'SafeConfigParser': <class 'configparser.ConfigParser'>
2026-08-25 23:52:08,164 [DEBUG] FASTAPI: loaded lazy attr 'NativeStringIO': <class '_io.StringIO'>
2026-08-25 23:52:08,167 [DEBUG] FASTAPI: loaded lazy attr 'BytesIO': <class '_io.BytesIO'>
2026-08-25 23:52:08,229 [DEBUG] FASTAPI: registered 'pbkdf2_sha256' handler: <class 'passlib.handlers.pbkdf2.pbkdf2_sha256'>
2026-08-27 00:15:13,950 [DEBUG] FASTAPI: loaded lazy attr 'SafeConfigParser': <class 'configparser.ConfigParser'>
2026-08-27 00:15:13,951 [DEBUG] FASTAPI: loaded lazy attr 'NativeStringIO': <class '_io.StringIO'>
2026-08-27 00:15:13,952 [DEBUG] FASTAPI: loaded lazy attr 'BytesIO': <class '_io.BytesIO'>
2026-08-27 00:15:13,977 [DEBUG] FASTAPI: registered 'pbkdf2_sha256' handler: <class 'passlib.handlers.pbkdf2.pbkdf2_sha256'>
2026-08-27 00:15:17,860 [DEBUG] FASTAPI: loaded lazy attr 'SafeConfigParser': <class 'configparser.ConfigParser'>
2026-08-27 00:15:18,153 [DEBUG] FASTAPI: loaded lazy attr 'NativeStringIO': <class '_io.StringIO'>
2026-08-27 00:15:18,153 [DEBUG] FASTAPI: loaded lazy attr 'BytesIO': <class '_io.BytesIO'>
2026-08-27 00:15:18,165 [DEBUG] FASTAPI: registered 'pbkdf2_sha256' handler: <class 'passlib.handlers.pbkdf2.pbkdf2_sha256'>
2026-08-27 00:15:46,364 [DEBUG] FASTAPI: loaded lazy attr 'SafeConfigParser': <class 'configparser.ConfigParser'>
2026-08-27 00:15:46,364 [DEBUG] FASTAPI: loaded lazy attr 'NativeStringIO': <class '_io.StringIO'>
2026-08-27 00:15:46,365 [DEBUG] FASTAPI: loaded lazy attr 'BytesIO': <class '_io.BytesIO'>
2026-08-27 00:15:46,380 [DEBUG] FASTAPI: registered 'pbkdf2_sha256' handler: <class 'passlib.handlers.pbkdf2.pbkdf2_sha256'>
2026-08-27 00:15:50,793 [DEBUG] FASTAPI: loaded lazy attr 'SafeConfigParser': <class 'configparser.ConfigParser'>
2026-08-27 00:15:50,794 [DEBUG] FASTAPI: loaded lazy attr 'NativeStringIO': <class '_io.StringIO'>
2026-08-27 00:15:50,795 [DEBUG] FASTAPI: loaded lazy attr 'BytesIO': <class '_io.BytesIO'>
2026-08-27 00:15:50,808 [DEBUG] FASTAPI: registered 'pbkdf2_sha256' handler: <class 'passlib.handlers.pbkdf2.pbkdf2_sha256'>
2026-08-27 00:16:23,971 [DEBUG] FASTAPI: loaded lazy attr 'SafeConfigParser': <class 'configparser.ConfigParser'>
2026-08-27 00:16:23,971 [DEBUG] FASTAPI: loaded lazy attr 'NativeStringIO': <class '_io.StringIO'>
2026-08-27 00:16:23,971 [DEBUG] FASTAPI: loaded lazy attr 'BytesIO': <class '_io.BytesIO'>
2026-08-27 00:16:23,979 [DEBUG] FASTAPI: registered 'pbkdf2_sha256' handler: <class 'passlib.handlers.pbkdf2.pbkdf2_sha256'>
2026-08-27 00:16:34,078 [DEBUG] FASTAPI: loaded lazy attr 'SafeConfigParser': <class 'configparser.ConfigParser'>
2026-08-27 00:16:34,079 [DEBUG] FASTAPI: loaded lazy attr 'NativeStringIO': <class '_io.StringIO'>
2026-08-27 00:16:34,079 [DEBUG] FASTAPI: loaded lazy attr 'BytesIO': <class '_io.BytesIO'>
2026-08-27 00:16:34,089 [DEBUG] FASTAPI: registered 'pbkdf2_sha256' handler: <class 'passlib.handlers.pbkdf2.pbkdf2_sha256'>
2026-08-27 00:16:49,800 [DEBUG] FASTAPI: loaded lazy attr 'SafeConfigParser': <class 'configparser.ConfigParser'>
2026-08-27 00:16:49,800 [DEBUG] FASTAPI: loaded lazy attr 'NativeStringIO': <class '_io.StringIO'>
2026-08-27 00:16:49,801 [DEBUG] FASTAPI: loaded lazy attr 'BytesIO': <class '_io.BytesIO'>
2026-08-27 00:16:49,809 [DEBUG] FASTAPI: registered 'pbkdf2_sha256' handler: <class 'passlib.handlers.pbkdf2.pbkdf2_sha256'>
2026-08-27 00:17:07,061 [DEBUG] FASTAPI: loaded lazy attr 'SafeConfigParser': <class 'configparser.ConfigParser'>
2026-08-27 00:17:07,061 [DEBUG] FASTAPI: loaded lazy attr 'NativeStringIO': <class '_io.StringIO'>
2026-08-27 00:17:07,061 [DEBUG] FASTAPI: loaded lazy attr 'BytesIO': <class '_io.BytesIO'>
2026-08-27 00:17:07,066 [DEBUG] FASTAPI: registered 'pbkdf2_sha256' handler: <class 'passlib.handlers.pbkdf2.pbkdf2_sha256'>
2026-08-27 00:17:36,246 [DEBUG] FASTAPI: loaded lazy attr 'SafeConfigParser': <class 'configparser.ConfigParser'>
2026-08-27 00:17:36,246 [DEBUG] FASTAPI: loaded lazy attr 'NativeStringIO': <class '_io.StringIO'>
2026-08-27 00:17:36,246 [DEBUG] FASTAPI: loaded lazy attr 'BytesIO': <class '_io.BytesIO'>
2026-08-27 00:17:36,255 [DEBUG] FASTAPI: registered 'pbkdf2_sha256' handler: <class 'passlib.handlers.pbkdf2.pbkdf2_sha256'>
2026-08-27 00:17:39,270 [DEBUG] FASTAPI: loaded lazy attr 'SafeConfigParser': <class 'configparser.ConfigParser'>
2026-08-27 00:17:39,270 [DEBUG] FASTAPI: loaded lazy attr 'NativeStringIO': <class '_io.StringIO'>
2026-08-27 00:17:39,270 [DEBUG] FASTAPI: loaded lazy attr 'BytesIO': <class '_io.BytesIO'>
2026-08-27 00:17:39,278 [DEBUG] FASTAPI: registered 'pbkdf2_sha256' handler: <class 'passlib.handlers.pbkdf2.pbkdf2_sha256'>
2026-08-27 00:21:47,335 [DEBUG] FASTAPI: loaded lazy attr 'SafeConfigParser': <class 'configparser.ConfigParser'>
2026-08-27 00:21:47,335 [DEBUG] FASTAPI: loaded lazy attr 'NativeStringIO': <class '_io.StringIO'>
2026-08-27 00:21:47,335 [DEBUG] FASTAPI: loaded lazy attr 'BytesIO': <class '_io.BytesIO'>
2026-08-27 00:21:47,341 [DEBUG] FASTAPI: registered 'pbkdf2_sha256' handler: <class 'passlib.handlers.pbkdf2.pbkdf2_sha256'>
2026-08-27 00:28:59,815 [DEBUG] FASTAPI: loaded lazy attr 'SafeConfigParser': <class 'configparser.ConfigParser'>
2026-08-27 00:28:59,816 [DEBUG] FASTAPI: loaded lazy attr 'NativeStringIO': <class '_io.StringIO'>
2026-08-27 00:28:59,816 [DEBUG] FASTAPI: loaded lazy attr 'BytesIO': <class '_io.BytesIO'>
2026-08-27 00:28:59,837 [DEBUG] FASTAPI: registered 'pbkdf2_sha256' handler: <class 'passlib.handlers.pbkdf2.pbkdf2_sha256'>
2026-08-27 00:57:49,572 [DEBUG] FASTAPI: loaded lazy attr 'SafeConfigParser': <class 'configparser.ConfigParser'>
2026-08-27 00:57:49,572 [DEBUG] FASTAPI: loaded lazy attr 'NativeStringIO': <class '_io.StringIO'>
2026-08-27 00:57:49,572 [DEBUG] FASTAPI: loaded lazy attr 'BytesIO': <class '_io.BytesIO'>
2026-08-27 00:57:49,580 [DEBUG] FASTAPI: registered 'pbkdf2_sha256' handler: <class 'passlib.handlers.pbkdf2.pbkdf2_sha256'>
2026-08-27 01:30:10,644 [DEBUG] FASTAPI: loaded lazy attr 'SafeConfigParser': <class 'configparser.ConfigParser'>
2026-08-27 01:30:10,645 [DEBUG] FASTAPI: loaded lazy attr 'NativeStringIO': <class '_io.StringIO'>
2026-08-27 01:30:10,645 [DEBUG] FASTAPI: loaded lazy attr 'BytesIO': <class '_io.BytesIO'>
2026-08-27 01:30:10,653 [DEBUG] FASTAPI: registered 'pbkdf2_sha256' handler: <class 'passlib.handlers.pbkdf2.pbkdf2_sha256'>
2026-08-27 01:30:48,772 [DEBUG] FASTAPI: loaded lazy attr 'SafeConfigParser': <class 'configparser.ConfigParser'>
2026-08-27 01:30:48,772 [DEBUG] FASTAPI: loaded lazy attr 'NativeStringIO': <class '_io.StringIO'>
2026-08-27 01:30:48,772 [DEBUG] FASTAPI: loaded lazy attr 'BytesIO': <class '_io.BytesIO'>
2026-08-27 01:30:48,787 [DEBUG] FASTAPI: registered 'pbkdf2_sha256' handler: <class 'passlib.handlers.pbkdf2.pbkdf2_sha256'>
2026-08-27 01:32:38,124 [DEBUG] FASTAPI: loaded lazy attr 'SafeConfigParser': <class 'configparser.ConfigParser'>
2026-08-27 01:32:38,124 [DEBUG] FASTAPI: loaded lazy attr 'NativeStringIO': <class '_io.StringIO'>
2026-08-27 01:32:38,124 [DEBUG] FASTAPI: loaded lazy attr 'BytesIO': <class '_io.BytesIO'>
2026-08-27 01:32:38,130 [DEBUG] FASTAPI: registered 'pbkdf2_sha256' handler: <class 'passlib.handlers.pbkdf2.pbkdf2_sha256'>
2026-08-27 01:32:53,669 [DEBUG] FASTAPI: loaded lazy attr 'SafeConfigParser': <class 'configparser.ConfigParser'>
2026-08-27 01:32:53,670 [DEBUG] FASTAPI: loaded lazy attr 'NativeStringIO': <class '_io.StringIO'>
2026-08-27 01:32:53,670 [DEBUG] FASTAPI: loaded lazy attr 'BytesIO': <class '_io.BytesIO'>
2026-08-27 01:32:53,675 [DEBUG] FASTAPI: registered 'pbkdf2_sha256' handler: <class 'passlib.handlers.pbkdf2.pbkdf2_sha256'>
2026-08-27 01:36:46,427 [DEBUG] FASTAPI: loaded lazy attr 'SafeConfigParser': <class 'configparser.ConfigParser'>
2026-08-27 01:36:46,427 [DEBUG] FASTAPI: loaded lazy attr 'NativeStringIO': <class '_io.StringIO'>
2026-08-27 01:36:46,427 [DEBUG] FASTAPI: loaded lazy attr 'BytesIO': <class '_io.BytesIO'>
2026-08-27 01:36:46,433 [DEBUG] FASTAPI: registered 'pbkdf2_sha256' handler: <class 'passlib.handlers.pbkdf2.pbkdf2_sha256'>
2026-08-27 01:36:49,555 [DEBUG] FASTAPI: loaded lazy attr 'SafeConfigParser': <class 'configparser.ConfigParser'>
2026-08-27 01:36:49,556 [DEBUG] FASTAPI: loaded lazy attr 'NativeStringIO': <class '_io.StringIO'>
2026-08-27 01:36:49,556 [DEBUG] FASTAPI: loaded lazy attr 'BytesIO': <class '_io.BytesIO'>
2026-08-27 01:36:49,566 [DEBUG] FASTAPI: registered 'pbkdf2_sha256' handler: <class 'passlib.handlers.pbkdf2.pbkdf2_sha256'>
2026-08-27 01:39:40,182 [DEBUG] FASTAPI: loaded lazy attr 'SafeConfigParser': <class 'configparser.ConfigParser'>
2026-08-27 01:39:40,183 [DEBUG] FASTAPI: loaded lazy attr 'NativeStringIO': <class '_io.StringIO'>
2026-08-27 01:39:40,183 [DEBUG] FASTAPI: loaded lazy attr 'BytesIO': <class '_io.BytesIO'>
2026-08-27 01:39:40,191 [DEBUG] FASTAPI: registered 'pbkdf2_sha256' handler: <class 'passlib.handlers.pbkdf2.pbkdf2_sha256'>
2026-08-27 02:28:58,760 [DEBUG] FASTAPI: loaded lazy attr 'SafeConfigParser': <class 'configparser.ConfigParser'>
2026-08-27 02:28:58,762 [DEBUG] FASTAPI: loaded lazy attr 'NativeStringIO': <class '_io.StringIO'>
2026-08-27 02:28:58,762 [DEBUG] FASTAPI: loaded lazy attr 'BytesIO': <class '_io.BytesIO'>
2026-08-27 02:28:58,773 [DEBUG] FASTAPI: registered 'pbkdf2_sha256' handler: <class 'passlib.handlers.pbkdf2.pbkdf2_sha256'>
2026-08-27 02:34:01,316 [DEBUG] FASTAPI: loaded lazy attr 'SafeConfigParser': <class 'configparser.ConfigParser'>
2026-08-27 02:34:01,316 [DEBUG] FASTAPI: loaded lazy attr 'NativeStringIO': <class '_io.StringIO'>
2026-08-27 02:34:01,316 [DEBUG] FASTAPI: loaded lazy attr 'BytesIO': <class '_io.BytesIO'>
2026-08-27 02:34:01,322 [DEBUG] FASTAPI: registered 'pbkdf2_sha256' handler: <class 'passlib.handlers.pbkdf2.pbkdf2_sha256'>
2026-08-27 02:37:17,607 [DEBUG] FASTAPI: loaded lazy attr 'SafeConfigParser': <class 'configparser.ConfigParser'>
2026-08-27 02:37:17,608 [DEBUG] FASTAPI: loaded lazy attr 'NativeStringIO': <class '_io.StringIO'>
2026-08-27 02:37:17,608 [DEBUG] FASTAPI: loaded lazy attr 'BytesIO': <class '_io.BytesIO'>
2026-08-27 02:37:17,613 [DEBUG] FASTAPI: registered 'pbkdf2_sha256' handler: <class 'passlib.handlers.pbkdf2.pbkdf2_sha256'>
2026-08-27 02:38:39,582 [DEBUG] FASTAPI: loaded lazy attr 'SafeConfigParser': <class 'configparser.ConfigParser'>
2026-08-27 02:38:39,582 [DEBUG] FASTAPI: loaded lazy attr 'NativeStringIO': <class '_io.StringIO'>
2026-08-27 02:38:39,582 [DEBUG] FASTAPI: loaded lazy attr 'BytesIO': <class '_io.BytesIO'>
2026-08-27 02:38:39,597 [DEBUG] FASTAPI: registered 'pbkdf2_sha256' handler: <class 'passlib.handlers.pbkdf2.pbkdf2_sha256'>
2026-08-27 20:35:01,587 [DEBUG] FASTAPI: loaded lazy attr 'SafeConfigParser': <class 'configparser.ConfigParser'>
2026-08-27 20:35:01,587 [DEBUG] FASTAPI: loaded lazy attr 'NativeStringIO': <class '_io.StringIO'>
2026-08-27 20:35:01,587 [DEBUG] FASTAPI: loaded lazy attr 'BytesIO': <class '_io.BytesIO'>
2026-08-27 20:35:01,597 [DEBUG] FASTAPI: registered 'pbkdf2_sha256' handler: <class 'passlib.handlers.pbkdf2.pbkdf2_sha256'>
2026-08-27 21:10:53,461 [DEBUG] FASTAPI: loaded lazy attr 'SafeConfigParser': <class 'configparser.ConfigParser'>
2026-08-27 21:10:53,463 [DEBUG] FASTAPI: loaded lazy attr 'NativeStringIO': <class '_io.StringIO'>
2026-08-27 21:10:53,463 [DEBUG] FASTAPI: loaded lazy attr 'BytesIO': <class '_io.BytesIO'>
2026-08-27 21:10:53,478 [DEBUG] FASTAPI: registered 'pbkdf2_sha256' handler: <class 'passlib.handlers.pbkdf2.pbkdf2_sha256'>
2026-08-27 21:15:50,102 [DEBUG] FASTAPI: loaded lazy attr 'SafeConfigParser': <class 'configparser.ConfigParser'>
2026-08-27 21:15:50,102 [DEBUG] FASTAPI: loaded lazy attr 'NativeStringIO': <class '_io.StringIO'>
2026-08-27 21:15:50,104 [DEBUG] FASTAPI: loaded lazy attr 'BytesIO': <class '_io.BytesIO'>
2026-08-27 21:15:50,110 [DEBUG] FASTAPI: registered 'pbkdf2_sha256' handler: <class 'passlib.handlers.pbkdf2.pbkdf2_sha256'>
2026-08-27 21:17:51,493 [DEBUG] FASTAPI: loaded lazy attr 'SafeConfigParser': <class 'configparser.ConfigParser'>
2026-08-27 21:17:51,495 [DEBUG] FASTAPI: loaded lazy attr 'NativeStringIO': <class '_io.StringIO'>
2026-08-27 21:17:51,495 [DEBUG] FASTAPI: loaded lazy attr 'BytesIO': <class '_io.BytesIO'>
2026-08-27 21:17:51,516 [DEBUG] FASTAPI: registered 'pbkdf2_sha256' handler: <class 'passlib.handlers.pbkdf2.pbkdf2_sha256'>
2026-08-27 21:18:24,332 [DEBUG] FASTAPI: loaded lazy attr 'SafeConfigParser': <class 'configparser.ConfigParser'>
2026-08-27 21:18:24,332 [DEBUG] FASTAPI: loaded lazy attr 'NativeStringIO': <class '_io.StringIO'>
2026-08-27 21:18:24,332 [DEBUG] FASTAPI: loaded lazy attr 'BytesIO': <class '_io.BytesIO'>
2026-08-27 21:18:24,345 [DEBUG] FASTAPI: registered 'pbkdf2_sha256' handler: <class 'passlib.handlers.pbkdf2.pbkdf2_sha256'>
2026-08-27 21:28:26,695 [DEBUG] FASTAPI: loaded lazy attr 'SafeConfigParser': <class 'configparser.ConfigParser'>
2026-08-27 21:28:26,695 [DEBUG] FASTAPI: loaded lazy attr 'NativeStringIO': <class '_io.StringIO'>
2026-08-27 21:28:26,695 [DEBUG] FASTAPI: loaded lazy attr 'BytesIO': <class '_io.BytesIO'>
2026-08-27 21:28:26,699 [DEBUG] FASTAPI: registered 'pbkdf2_sha256' handler: <class 'passlib.handlers.pbkdf2.pbkdf2_sha256'>
2026-08-27 21:29:13,301 [DEBUG] FASTAPI: loaded lazy attr 'SafeConfigParser': <class 'configparser.ConfigParser'>
2026-08-27 21:29:13,304 [DEBUG] FASTAPI: loaded lazy attr 'NativeStringIO': <class '_io.StringIO'>
2026-08-27 21:29:13,304 [DEBUG] FASTAPI: loaded lazy attr 'BytesIO': <class '_io.BytesIO'>
2026-08-27 21:29:13,307 [DEBUG] FASTAPI: registered 'pbkdf2_sha256' handler: <class 'passlib.handlers.pbkdf2.pbkdf2_sha256'>
2026-08-27 21:30:46,656 [DEBUG] FASTAPI: loaded lazy attr 'SafeConfigParser': <class 'configparser.ConfigParser'>
2026-08-27 21:30:46,656 [DEBUG] FASTAPI: loaded lazy attr 'NativeStringIO': <class '_io.StringIO'>
2026-08-27 21:30:46,656 [DEBUG] FASTAPI: loaded lazy attr 'BytesIO': <class '_io.BytesIO'>
2026-08-27 21:30:46,664 [DEBUG] FASTAPI: registered 'pbkdf2_sha256' handler: <class 'passlib.handlers.pbkdf2.pbkdf2_sha256'>
2026-08-27 21:31:29,406 [DEBUG] FASTAPI: loaded lazy attr 'SafeConfigParser': <class 'configparser.ConfigParser'>
2026-08-27 21:31:29,406 [DEBUG] FASTAPI: loaded lazy attr 'NativeStringIO': <class '_io.StringIO'>
2026-08-27 21:31:29,406 [DEBUG] FASTAPI: loaded lazy attr 'BytesIO': <class '_io.BytesIO'>
2026-08-27 21:31:29,411 [DEBUG] FASTAPI: registered 'pbkdf2_sha256' handler: <class 'passlib.handlers.pbkdf2.pbkdf2_sha256'>
2026-08-27 21:31:41,574 [DEBUG] FASTAPI: loaded lazy attr 'SafeConfigParser': <class 'configparser.ConfigParser'>
2026-08-27 21:31:41,574 [DEBUG] FASTAPI: loaded lazy attr 'NativeStringIO': <class '_io.StringIO'>
2026-08-27 21:31:41,574 [DEBUG] FASTAPI: loaded lazy attr 'BytesIO': <class '_io.BytesIO'>
2026-08-27 21:31:41,587 [DEBUG] FASTAPI: registered 'pbkdf2_sha256' handler: <class 'passlib.handlers.pbkdf2.pbkdf2_sha256'>
2026-08-27 21:31:51,338 [DEBUG] FASTAPI: loaded lazy attr 'SafeConfigParser': <class 'configparser.ConfigParser'>
2026-08-27 21:31:51,338 [DEBUG] FASTAPI: loaded lazy attr 'NativeStringIO': <class '_io.StringIO'>
2026-08-27 21:31:51,338 [DEBUG] FASTAPI: loaded lazy attr 'BytesIO': <class '_io.BytesIO'>
2026-08-27 21:31:51,346 [DEBUG] FASTAPI: registered 'pbkdf2_sha256' handler: <class 'passlib.handlers.pbkdf2.pbkdf2_sha256'>
2026-08-28 00:59:28,366 [DEBUG] FASTAPI: loaded lazy attr 'SafeConfigParser': <class 'configparser.ConfigParser'>
2026-08-28 00:59:28,366 [DEBUG] FASTAPI: loaded lazy attr 'NativeStringIO': <class '_io.StringIO'>
2026-08-28 00:59:28,367 [DEBUG] FASTAPI: loaded lazy attr 'BytesIO': <class '_io.BytesIO'>
2026-08-28 00:59:28,388 [DEBUG] FASTAPI: registered 'pbkdf2_sha256' handler: <class 'passlib.handlers.pbkdf2.pbkdf2_sha256'>
2026-08-28 01:06:54,476 [DEBUG] FASTAPI: loaded lazy attr 'SafeConfigParser': <class 'configparser.ConfigParser'>
2026-08-28 01:06:54,476 [DEBUG] FASTAPI: loaded lazy attr 'NativeStringIO': <class '_io.StringIO'>
2026-08-28 01:06:54,476 [DEBUG] FASTAPI: loaded lazy attr 'BytesIO': <class '_io.BytesIO'>
2026-08-28 01:06:54,484 [DEBUG] FASTAPI: registered 'pbkdf2_sha256' handler: <class 'passlib.handlers.pbkdf2.pbkdf2_sha256'>
2026-08-28 22:36:23,240 [DEBUG] FASTAPI: loaded lazy attr 'SafeConfigParser': <class 'configparser.ConfigParser'>
2026-08-28 22:36:23,240 [DEBUG] FASTAPI: loaded lazy attr 'NativeStringIO': <class '_io.StringIO'>
2026-08-28 22:36:23,240 [DEBUG] FASTAPI: loaded lazy attr 'BytesIO': <class '_io.BytesIO'>
2026-08-28 22:36:23,257 [DEBUG] FASTAPI: registered 'pbkdf2_sha256' handler: <class 'passlib.handlers.pbkdf2.pbkdf2_sha256'>
2026-08-28 22:36:54,242 [DEBUG] FASTAPI: loaded lazy attr 'SafeConfigParser': <class 'configparser.ConfigParser'>
2026-08-28 22:36:54,242 [DEBUG] FASTAPI: loaded lazy attr 'NativeStringIO': <class '_io.StringIO'>
2026-08-28 22:36:54,242 [DEBUG] FASTAPI: loaded lazy attr 'BytesIO': <class '_io.BytesIO'>
2026-08-28 22:36:54,250 [DEBUG] FASTAPI: registered 'pbkdf2_sha256' handler: <class 'passlib.handlers.pbkdf2.pbkdf2_sha256'>
2026-08-28 22:50:23,850 [DEBUG] FASTAPI: Calling on_part_begin with no data
2026-08-28 22:50:23,850 [DEBUG] FASTAPI: Calling on_header_field with data[42:61]
2026-08-28 22:50:23,850 [DEBUG] FASTAPI: Calling on_header_value with data[63:93]
2026-08-28 22:50:23,850 [DEBUG] FASTAPI: Calling on_header_end with no data
2026-08-28 22:50:23,850 [DEBUG] FASTAPI: Calling on_headers_finished with no data
2026-08-28 22:50:23,850 [DEBUG] FASTAPI: Calling on_part_data with data[97:368]
2026-08-28 22:50:23,850 [DEBUG] FASTAPI: Calling on_part_end with no data
2026-08-28 22:50:23,850 [DEBUG] FASTAPI: Calling on_end with no data
2026-08-28 22:50:31,935 [DEBUG] FASTAPI: Calling on_part_begin with no data
2026-08-28 22:50:31,935 [DEBUG] FASTAPI: Calling on_header_field with data[42:61]
2026-08-28 22:50:31,935 [DEBUG] FASTAPI: Calling on_header_value with data[63:93]
2026-08-28 22:50:31,935 [DEBUG] FASTAPI: Calling on_header_end with no data
2026-08-28 22:50:31,935 [DEBUG] FASTAPI: Calling on_headers_finished with no data
2026-08-28 22:50:31,935 [DEBUG] FASTAPI: Calling on_part_data with data[97:368]
2026-08-28 22:50:31,935 [DEBUG] FASTAPI: Calling on_part_end with no data
2026-08-28 22:50:31,935 [DEBUG] FASTAPI: Calling on_end with no data
2026-08-28 22:50:39,140 [DEBUG] FASTAPI: Calling on_part_begin with no data
2026-08-28 22:50:39,148 [DEBUG] FASTAPI: Calling on_header_field with data[42:61]
2026-08-28 22:50:39,148 [DEBUG] FASTAPI: Calling on_header_value with data[63:93]
2026-08-28 22:50:39,148 [DEBUG] FASTAPI: Calling on_header_end with no data
2026-08-28 22:50:39,148 [DEBUG] FASTAPI: Calling on_headers_finished with no data
2026-08-28 22:50:39,148 [DEBUG] FASTAPI: Calling on_part_data with data[97:368]
2026-08-28 22:50:39,148 [DEBUG] FASTAPI: Calling on_part_end with no data
2026-08-28 22:50:39,148 [DEBUG] FASTAPI: Calling on_end with no data
2026-08-28 22:50:45,556 [DEBUG] FASTAPI: Calling on_part_begin with no data
2026-08-28 22:50:45,556 [DEBUG] FASTAPI: Calling on_header_field with data[42:61]
2026-08-28 22:50:45,556 [DEBUG] FASTAPI: Calling on_header_value with data[63:93]
2026-08-28 22:50:45,556 [DEBUG] FASTAPI: Calling on_header_end with no data
2026-08-28 22:50:45,556 [DEBUG] FASTAPI: Calling on_headers_finished with no data
2026-08-28 22:50:45,558 [DEBUG] FASTAPI: Calling on_part_data with data[97:368]
2026-08-28 22:50:45,558 [DEBUG] FASTAPI: Calling on_part_end with no data
2026-08-28 22:50:45,558 [DEBUG] FASTAPI: Calling on_end with no data
2026-08-28 23:06:45,768 [DEBUG] FASTAPI: Calling on_part_begin with no data
2026-08-28 23:06:45,768 [DEBUG] FASTAPI: Calling on_header_field with data[42:61]
2026-08-28 23:06:45,768 [DEBUG] FASTAPI: Calling on_header_value with data[63:93]
2026-08-28 23:06:45,768 [DEBUG] FASTAPI: Calling on_header_end with no data
2026-08-28 23:06:45,768 [DEBUG] FASTAPI: Calling on_headers_finished with no data
2026-08-28 23:06:45,768 [DEBUG] FASTAPI: Calling on_part_data with data[97:368]
2026-08-28 23:06:45,768 [DEBUG] FASTAPI: Calling on_part_end with no data
2026-08-28 23:06:45,770 [DEBUG] FASTAPI: Calling on_end with no data
2026-08-28 23:06:52,659 [DEBUG] FASTAPI: Calling on_part_begin with no data
2026-08-28 23:06:52,659 [DEBUG] FASTAPI: Calling on_header_field with data[42:61]
2026-08-28 23:06:52,659 [DEBUG] FASTAPI: Calling on_header_value with data[63:93]
2026-08-28 23:06:52,659 [DEBUG] FASTAPI: Calling on_header_end with no data
2026-08-28 23:06:52,659 [DEBUG] FASTAPI: Calling on_headers_finished with no data
2026-08-28 23:06:52,659 [DEBUG] FASTAPI: Calling on_part_data with data[97:368]
2026-08-28 23:06:52,659 [DEBUG] FASTAPI: Calling on_part_end with no data
2026-08-28 23:06:52,662 [DEBUG] FASTAPI: Calling on_end with no data
2026-08-28 23:09:53,456 [DEBUG] FASTAPI: Calling on_part_begin with no data
2026-08-28 23:09:53,457 [DEBUG] FASTAPI: Calling on_header_field with data[42:61]
2026-08-28 23:09:53,457 [DEBUG] FASTAPI: Calling on_header_value with data[63:93]
2026-08-28 23:09:53,457 [DEBUG] FASTAPI: Calling on_header_end with no data
2026-08-28 23:09:53,457 [DEBUG] FASTAPI: Calling on_headers_finished with no data
2026-08-28 23:09:53,457 [DEBUG] FASTAPI: Calling on_part_data with data[97:368]
2026-08-28 23:09:53,459 [DEBUG] FASTAPI: Calling on_part_end with no data
2026-08-28 23:09:53,459 [DEBUG] FASTAPI: Calling on_end with no data
2026-08-28 23:29:28,262 [DEBUG] FASTAPI: loaded lazy attr 'SafeConfigParser': <class 'configparser.ConfigParser'>
2026-08-28 23:29:28,264 [DEBUG] FASTAPI: loaded lazy attr 'NativeStringIO': <class '_io.StringIO'>
2026-08-28 23:29:28,264 [DEBUG] FASTAPI: loaded lazy attr 'BytesIO': <class '_io.BytesIO'>
2026-08-28 23:29:28,278 [DEBUG] FASTAPI: registered 'pbkdf2_sha256' handler: <class 'passlib.handlers.pbkdf2.pbkdf2_sha256'>
2026-08-28 23:31:57,039 [DEBUG] FASTAPI: Calling on_part_begin with no data
2026-08-28 23:31:57,039 [DEBUG] FASTAPI: Calling on_header_field with data[42:61]
2026-08-28 23:31:57,039 [DEBUG] FASTAPI: Calling on_header_value with data[63:93]
2026-08-28 23:31:57,039 [DEBUG] FASTAPI: Calling on_header_end with no data
2026-08-28 23:31:57,039 [DEBUG] FASTAPI: Calling on_headers_finished with no data
2026-08-28 23:31:57,039 [DEBUG] FASTAPI: Calling on_part_data with data[97:368]
2026-08-28 23:31:57,041 [DEBUG] FASTAPI: Calling on_part_end with no data
2026-08-28 23:31:57,041 [DEBUG] FASTAPI: Calling on_end with no data
2026-08-28 23:32:18,027 [DEBUG] FASTAPI: Calling on_part_begin with no data
2026-08-28 23:32:18,027 [DEBUG] FASTAPI: Calling on_header_field with data[42:61]
2026-08-28 23:32:18,027 [DEBUG] FASTAPI: Calling on_header_value with data[63:93]
2026-08-28 23:32:18,027 [DEBUG] FASTAPI: Calling on_header_end with no data
2026-08-28 23:32:18,027 [DEBUG] FASTAPI: Calling on_headers_finished with no data
2026-08-28 23:32:18,027 [DEBUG] FASTAPI: Calling on_part_data with data[97:368]
2026-08-28 23:32:18,027 [DEBUG] FASTAPI: Calling on_part_end with no data
2026-08-28 23:32:18,027 [DEBUG] FASTAPI: Calling on_end with no data
2026-08-28 23:34:17,354 [DEBUG] FASTAPI: loaded lazy attr 'SafeConfigParser': <class 'configparser.ConfigParser'>
2026-08-28 23:34:17,354 [DEBUG] FASTAPI: loaded lazy attr 'NativeStringIO': <class '_io.StringIO'>
2026-08-28 23:34:17,357 [DEBUG] FASTAPI: loaded lazy attr 'BytesIO': <class '_io.BytesIO'>
2026-08-28 23:34:17,361 [DEBUG] FASTAPI: registered 'pbkdf2_sha256' handler: <class 'passlib.handlers.pbkdf2.pbkdf2_sha256'>
2026-08-28 23:39:44,100 [DEBUG] FASTAPI: loaded lazy attr 'SafeConfigParser': <class 'configparser.ConfigParser'>
2026-08-28 23:39:44,100 [DEBUG] FASTAPI: loaded lazy attr 'NativeStringIO': <class '_io.StringIO'>
2026-08-28 23:39:44,100 [DEBUG] FASTAPI: loaded lazy attr 'BytesIO': <class '_io.BytesIO'>
2026-08-28 23:39:44,109 [DEBUG] FASTAPI: registered 'pbkdf2_sha256' handler: <class 'passlib.handlers.pbkdf2.pbkdf2_sha256'>
2026-08-28 23:40:01,423 [DEBUG] FASTAPI: Calling on_field_start with no data
2026-08-28 23:40:01,423 [DEBUG] FASTAPI: Calling on_field_name with data[0:12]
2026-08-28 23:40:01,423 [DEBUG] FASTAPI: Calling on_field_data with data[13:247]
2026-08-28 23:40:01,423 [DEBUG] FASTAPI: Calling on_field_end with no data
2026-08-28 23:40:01,423 [DEBUG] FASTAPI: Calling on_end with no data
2026-08-28 23:48:28,116 [DEBUG] FASTAPI: Calling on_field_start with no data
2026-08-28 23:48:28,116 [DEBUG] FASTAPI: Calling on_field_name with data[0:12]
2026-08-28 23:48:28,116 [DEBUG] FASTAPI: Calling on_field_data with data[13:247]
2026-08-28 23:48:28,116 [DEBUG] FASTAPI: Calling on_field_end with no data
2026-08-28 23:48:28,116 [DEBUG] FASTAPI: Calling on_end with no data
2026-08-28 23:51:48,333 [DEBUG] FASTAPI: Calling on_part_begin with no data
2026-08-28 23:51:48,334 [DEBUG] FASTAPI: Calling on_header_field with data[42:61]
2026-08-28 23:51:48,334 [DEBUG] FASTAPI: Calling on_header_value with data[63:93]
2026-08-28 23:51:48,334 [DEBUG] FASTAPI: Calling on_header_end with no data
2026-08-28 23:51:48,334 [DEBUG] FASTAPI: Calling on_headers_finished with no data
2026-08-28 23:51:48,335 [DEBUG] FASTAPI: Calling on_part_data with data[97:368]
2026-08-28 23:51:48,335 [DEBUG] FASTAPI: Calling on_part_end with no data
2026-08-28 23:51:48,335 [DEBUG] FASTAPI: Calling on_end with no data
2026-08-29 01:16:33,401 [DEBUG] FASTAPI: loaded lazy attr 'SafeConfigParser': <class 'configparser.ConfigParser'>
2026-08-29 01:16:33,402 [DEBUG] FASTAPI: loaded lazy attr 'NativeStringIO': <class '_io.StringIO'>
2026-08-29 01:16:33,402 [DEBUG] FASTAPI: loaded lazy attr 'BytesIO': <class '_io.BytesIO'>
2026-08-29 01:16:33,409 [DEBUG] FASTAPI: registered 'pbkdf2_sha256' handler: <class 'passlib.handlers.pbkdf2.pbkdf2_sha256'>
2026-08-29 01:35:53,574 [DEBUG] FASTAPI: loaded lazy attr 'SafeConfigParser': <class 'configparser.ConfigParser'>
2026-08-29 01:35:53,574 [DEBUG] FASTAPI: loaded lazy attr 'NativeStringIO': <class '_io.StringIO'>
2026-08-29 01:35:53,574 [DEBUG] FASTAPI: loaded lazy attr 'BytesIO': <class '_io.BytesIO'>
2026-08-29 01:35:53,584 [DEBUG] FASTAPI: registered 'pbkdf2_sha256' handler: <class 'passlib.handlers.pbkdf2.pbkdf2_sha256'>
2026-08-29 01:37:11,217 [DEBUG] FASTAPI: loaded lazy attr 'SafeConfigParser': <class 'configparser.ConfigParser'>
2026-08-29 01:37:11,217 [DEBUG] FASTAPI: loaded lazy attr 'NativeStringIO': <class '_io.StringIO'>
2026-08-29 01:37:11,217 [DEBUG] FASTAPI: loaded lazy attr 'BytesIO': <class '_io.BytesIO'>
2026-08-29 01:37:11,223 [DEBUG] FASTAPI: registered 'pbkdf2_sha256' handler: <class 'passlib.handlers.pbkdf2.pbkdf2_sha256'>
2026-08-29 01:40:22,786 [DEBUG] FASTAPI: loaded lazy attr 'SafeConfigParser': <class 'configparser.ConfigParser'>
2026-08-29 01:40:22,787 [DEBUG] FASTAPI: loaded lazy attr 'NativeStringIO': <class '_io.StringIO'>
2026-08-29 01:40:22,787 [DEBUG] FASTAPI: loaded lazy attr 'BytesIO': <class '_io.BytesIO'>
2026-08-29 01:40:22,795 [DEBUG] FASTAPI: registered 'pbkdf2_sha256' handler: <class 'passlib.handlers.pbkdf2.pbkdf2_sha256'>
2026-08-29 01:41:40,152 [DEBUG] FASTAPI: loaded lazy attr 'SafeConfigParser': <class 'configparser.ConfigParser'>
2026-08-29 01:41:40,152 [DEBUG] FASTAPI: loaded lazy attr 'NativeStringIO': <class '_io.StringIO'>
2026-08-29 01:41:40,152 [DEBUG] FASTAPI: loaded lazy attr 'BytesIO': <class '_io.BytesIO'>
2026-08-29 01:41:40,159 [DEBUG] FASTAPI: registered 'pbkdf2_sha256' handler: <class 'passlib.handlers.pbkdf2.pbkdf2_sha256'>
2026-08-29 02:09:15,569 [DEBUG] FASTAPI: loaded lazy attr 'SafeConfigParser': <class 'configparser.ConfigParser'>
2026-08-29 02:09:15,570 [DEBUG] FASTAPI: loaded lazy attr 'NativeStringIO': <class '_io.StringIO'>
2026-08-29 02:09:15,570 [DEBUG] FASTAPI: loaded lazy attr 'BytesIO': <class '_io.BytesIO'>
2026-08-29 02:09:15,579 [DEBUG] FASTAPI: registered 'pbkdf2_sha256' handler: <class 'passlib.handlers.pbkdf2.pbkdf2_sha256'>
2026-08-29 02:22:31,642 [DEBUG] FASTAPI: Calling on_part_begin with no data
2026-08-29 02:22:31,643 [DEBUG] FASTAPI: Calling on_header_field with data[42:61]
2026-08-29 02:22:31,643 [DEBUG] FASTAPI: Calling on_header_value with data[63:93]
2026-08-29 02:22:31,643 [DEBUG] FASTAPI: Calling on_header_end with no data
2026-08-29 02:22:31,643 [DEBUG] FASTAPI: Calling on_headers_finished with no data
2026-08-29 02:22:31,643 [DEBUG] FASTAPI: Calling on_part_data with data[97:368]
2026-08-29 02:22:31,643 [DEBUG] FASTAPI: Calling on_part_end with no data
2026-08-29 02:22:31,644 [DEBUG] FASTAPI: Calling on_end with no data
2026-08-29 02:25:32,416 [DEBUG] FASTAPI: Calling on_part_begin with no data
2026-08-29 02:25:32,416 [DEBUG] FASTAPI: Calling on_header_field with data[42:61]
2026-08-29 02:25:32,416 [DEBUG] FASTAPI: Calling on_header_value with data[63:93]
2026-08-29 02:25:32,416 [DEBUG] FASTAPI: Calling on_header_end with no data
2026-08-29 02:25:32,417 [DEBUG] FASTAPI: Calling on_headers_finished with no data
2026-08-29 02:25:32,417 [DEBUG] FASTAPI: Calling on_part_data with data[97:370]
2026-08-29 02:25:32,417 [DEBUG] FASTAPI: Calling on_part_end with no data
2026-08-29 02:25:32,417 [DEBUG] FASTAPI: Calling on_end with no data
2026-08-29 02:33:26,416 [DEBUG] FASTAPI: loaded lazy attr 'SafeConfigParser': <class 'configparser.ConfigParser'>
2026-08-29 02:33:26,417 [DEBUG] FASTAPI: loaded lazy attr 'NativeStringIO': <class '_io.StringIO'>
2026-08-29 02:33:26,417 [DEBUG] FASTAPI: loaded lazy attr 'BytesIO': <class '_io.BytesIO'>
2026-08-29 02:33:26,425 [DEBUG] FASTAPI: registered 'pbkdf2_sha256' handler: <class 'passlib.handlers.pbkdf2.pbkdf2_sha256'>
2026-08-29 02:46:26,870 [DEBUG] FASTAPI: Calling on_part_begin with no data
2026-08-29 02:46:26,872 [DEBUG] FASTAPI: Calling on_header_field with data[42:61]
2026-08-29 02:46:26,872 [DEBUG] FASTAPI: Calling on_header_value with data[63:93]
2026-08-29 02:46:26,872 [DEBUG] FASTAPI: Calling on_header_end with no data
2026-08-29 02:46:26,873 [DEBUG] FASTAPI: Calling on_headers_finished with no data
2026-08-29 02:46:26,873 [DEBUG] FASTAPI: Calling on_part_data with data[97:368]
2026-08-29 02:46:26,874 [DEBUG] FASTAPI: Calling on_part_end with no data
2026-08-29 02:46:26,874 [DEBUG] FASTAPI: Calling on_end with no data
2026-08-29 10:28:19,911 [DEBUG] FASTAPI: loaded lazy attr 'SafeConfigParser': <class 'configparser.ConfigParser'>
2026-08-29 10:28:19,911 [DEBUG] FASTAPI: loaded lazy attr 'NativeStringIO': <class '_io.StringIO'>
2026-08-29 10:28:19,911 [DEBUG] FASTAPI: loaded lazy attr 'BytesIO': <class '_io.BytesIO'>
2026-08-29 10:28:19,923 [DEBUG] FASTAPI: registered 'pbkdf2_sha256' handler: <class 'passlib.handlers.pbkdf2.pbkdf2_sha256'>
2026-08-29 10:30:55,754 [DEBUG] FASTAPI: loaded lazy attr 'SafeConfigParser': <class 'configparser.ConfigParser'>
2026-08-29 10:30:55,754 [DEBUG] FASTAPI: loaded lazy attr 'NativeStringIO': <class '_io.StringIO'>
2026-08-29 10:30:55,754 [DEBUG] FASTAPI: loaded lazy attr 'BytesIO': <class '_io.BytesIO'>
2026-08-29 10:30:55,758 [DEBUG] FASTAPI: registered 'pbkdf2_sha256' handler: <class 'passlib.handlers.pbkdf2.pbkdf2_sha256'>
2026-08-29 10:32:48,970 [DEBUG] FASTAPI: loaded lazy attr 'SafeConfigParser': <class 'configparser.ConfigParser'>
2026-08-29 10:32:48,970 [DEBUG] FASTAPI: loaded lazy attr 'NativeStringIO': <class '_io.StringIO'>
2026-08-29 10:32:48,970 [DEBUG] FASTAPI: loaded lazy attr 'BytesIO': <class '_io.BytesIO'>
2026-08-29 10:32:48,972 [DEBUG] FASTAPI: registered 'pbkdf2_sha256' handler: <class 'passlib.handlers.pbkdf2.pbkdf2_sha256'>
2026-08-29 10:35:57,363 [DEBUG] FASTAPI: loaded lazy attr 'SafeConfigParser': <class 'configparser.ConfigParser'>
2026-08-29 10:35:57,363 [DEBUG] FASTAPI: loaded lazy attr 'NativeStringIO': <class '_io.StringIO'>
2026-08-29 10:35:57,363 [DEBUG] FASTAPI: loaded lazy attr 'BytesIO': <class '_io.BytesIO'>
2026-08-29 10:35:57,377 [DEBUG] FASTAPI: registered 'pbkdf2_sha256' handler: <class 'passlib.handlers.pbkdf2.pbkdf2_sha256'>
2026-08-29 10:37:35,682 [DEBUG] FASTAPI: loaded lazy attr 'SafeConfigParser': <class 'configparser.ConfigParser'>
2026-08-29 10:37:35,682 [DEBUG] FASTAPI: loaded lazy attr 'NativeStringIO': <class '_io.StringIO'>
2026-08-29 10:37:35,682 [DEBUG] FASTAPI: loaded lazy attr 'BytesIO': <class '_io.BytesIO'>
2026-08-29 10:37:35,691 [DEBUG] FASTAPI: registered 'pbkdf2_sha256' handler: <class 'passlib.handlers.pbkdf2.pbkdf2_sha256'>
2026-08-29 10:38:03,116 [DEBUG] FASTAPI: Calling on_part_begin with no data
2026-08-29 10:38:03,116 [DEBUG] FASTAPI: Calling on_header_field with data[36:55]
2026-08-29 10:38:03,116 [DEBUG] FASTAPI: Calling on_header_value with data[57:87]
2026-08-29 10:38:03,116 [DEBUG] FASTAPI: Calling on_header_end with no data
2026-08-29 10:38:03,116 [DEBUG] FASTAPI: Calling on_header_field with data[89:101]
2026-08-29 10:38:03,116 [DEBUG] FASTAPI: Calling on_header_value with data[103:119]
2026-08-29 10:38:03,116 [DEBUG] FASTAPI: Calling on_header_end with no data
2026-08-29 10:38:03,116 [DEBUG] FASTAPI: Calling on_headers_finished with no data
2026-08-29 10:38:03,116 [DEBUG] FASTAPI: Calling on_part_data with data[123:370]
2026-08-29 10:38:03,116 [DEBUG] FASTAPI: Calling on_part_end with no data
2026-08-29 10:38:03,118 [DEBUG] FASTAPI: Calling on_end with no data
2026-08-29 11:28:07,307 [DEBUG] FASTAPI: loaded lazy attr 'SafeConfigParser': <class 'configparser.ConfigParser'>
2026-08-29 11:28:07,308 [DEBUG] FASTAPI: loaded lazy attr 'NativeStringIO': <class '_io.StringIO'>
2026-08-29 11:28:07,308 [DEBUG] FASTAPI: loaded lazy attr 'BytesIO': <class '_io.BytesIO'>
2026-08-29 11:28:07,322 [DEBUG] FASTAPI: registered 'pbkdf2_sha256' handler: <class 'passlib.handlers.pbkdf2.pbkdf2_sha256'>
2026-08-29 20:35:36,388 [DEBUG] FASTAPI: Calling on_part_begin with no data
2026-08-29 20:35:36,398 [DEBUG] FASTAPI: Calling on_header_field with data[42:61]
2026-08-29 20:35:36,399 [DEBUG] FASTAPI: Calling on_header_value with data[63:93]
2026-08-29 20:35:36,399 [DEBUG] FASTAPI: Calling on_header_end with no data
2026-08-29 20:35:36,400 [DEBUG] FASTAPI: Calling on_headers_finished with no data
2026-08-29 20:35:36,402 [DEBUG] FASTAPI: Calling on_part_data with data[97:364]
2026-08-29 20:35:36,402 [DEBUG] FASTAPI: Calling on_part_end with no data
2026-08-29 20:35:36,403 [DEBUG] FASTAPI: Calling on_end with no data
